read 3 points
-26.20, 4.42
-13.00, 10.39
12.57, -43.45
This is a triangle
