read 3 points
0.00, 0.00
1.00, 1.00
2.00, 2.00
This is not a triangle
