read 5 points
1.00, 1.00
2.00, 2.00
3.00, 3.00
This is not a triangle
