read 5 points
0.00, 0.00
1.00, 0.00
0.00, 1.00
This is a triangle
